../Drivers/STM32F3xx_HAL_Driver/Inc/stm32f3xx_ll_rcc.h:1036:22:LL_RCC_HSE_DisableBypass	4	static
../Drivers/STM32F3xx_HAL_Driver/Inc/stm32f3xx_ll_rcc.h:1084:22:LL_RCC_HSI_Enable	4	static
../Drivers/STM32F3xx_HAL_Driver/Inc/stm32f3xx_ll_rcc.h:1104:26:LL_RCC_HSI_IsReady	4	static
../Drivers/STM32F3xx_HAL_Driver/Inc/stm32f3xx_ll_rcc.h:1130:22:LL_RCC_HSI_SetCalibTrimming	16	static
../Drivers/STM32F3xx_HAL_Driver/Inc/stm32f3xx_ll_rcc.h:1228:26:LL_RCC_LSE_IsReady	4	static
../Drivers/STM32F3xx_HAL_Driver/Inc/stm32f3xx_ll_rcc.h:1301:26:LL_RCC_GetSysClkSource	4	static
../Drivers/STM32F3xx_HAL_Driver/Inc/stm32f3xx_ll_rcc.h:1372:26:LL_RCC_GetAHBPrescaler	4	static
../Drivers/STM32F3xx_HAL_Driver/Inc/stm32f3xx_ll_rcc.h:1387:26:LL_RCC_GetAPB1Prescaler	4	static
../Drivers/STM32F3xx_HAL_Driver/Inc/stm32f3xx_ll_rcc.h:1402:26:LL_RCC_GetAPB2Prescaler	4	static
../Drivers/STM32F3xx_HAL_Driver/Inc/stm32f3xx_ll_rcc.h:1779:26:LL_RCC_GetUSARTClockSource	16	static
../Drivers/STM32F3xx_HAL_Driver/Inc/stm32f3xx_ll_rcc.h:1829:26:LL_RCC_GetI2CClockSource	16	static
../Drivers/STM32F3xx_HAL_Driver/Inc/stm32f3xx_ll_rcc.h:1892:26:LL_RCC_GetTIMClockSource	16	static
../Drivers/STM32F3xx_HAL_Driver/Inc/stm32f3xx_ll_rcc.h:2029:26:LL_RCC_GetADCClockSource	16	static
../Drivers/STM32F3xx_HAL_Driver/Inc/stm32f3xx_ll_rcc.h:2193:26:LL_RCC_PLL_IsReady	4	static
../Drivers/STM32F3xx_HAL_Driver/Inc/stm32f3xx_ll_rcc.h:2327:26:LL_RCC_PLL_GetMainSource	4	static
../Drivers/STM32F3xx_HAL_Driver/Inc/stm32f3xx_ll_rcc.h:2352:26:LL_RCC_PLL_GetMultiplicator	4	static
../Drivers/STM32F3xx_HAL_Driver/Inc/stm32f3xx_ll_rcc.h:2379:26:LL_RCC_PLL_GetPrediv	4	static
../Drivers/STM32F3xx_HAL_Driver/Inc/stm32f3xx_ll_rcc.h:2611:22:LL_RCC_ClearResetFlags	4	static
../Drivers/STM32F3xx_HAL_Driver/Src/stm32f3xx_ll_rcc.c:222:13:LL_RCC_DeInit	16	static
../Drivers/STM32F3xx_HAL_Driver/Src/stm32f3xx_ll_rcc.c:320:6:LL_RCC_GetSystemClocksFreq	16	static
../Drivers/STM32F3xx_HAL_Driver/Src/stm32f3xx_ll_rcc.c:346:10:LL_RCC_GetUSARTClockFreq	24	static
../Drivers/STM32F3xx_HAL_Driver/Src/stm32f3xx_ll_rcc.c:552:10:LL_RCC_GetI2CClockFreq	24	static
../Drivers/STM32F3xx_HAL_Driver/Src/stm32f3xx_ll_rcc.c:708:10:LL_RCC_GetADCClockFreq	32	static,ignoring_inline_asm
../Drivers/STM32F3xx_HAL_Driver/Src/stm32f3xx_ll_rcc.c:821:10:LL_RCC_GetTIMClockFreq	24	static
../Drivers/STM32F3xx_HAL_Driver/Src/stm32f3xx_ll_rcc.c:1012:10:RCC_GetSystemClockFreq	16	static
../Drivers/STM32F3xx_HAL_Driver/Src/stm32f3xx_ll_rcc.c:1044:10:RCC_GetHCLKClockFreq	16	static
../Drivers/STM32F3xx_HAL_Driver/Src/stm32f3xx_ll_rcc.c:1055:10:RCC_GetPCLK1ClockFreq	16	static
../Drivers/STM32F3xx_HAL_Driver/Src/stm32f3xx_ll_rcc.c:1066:10:RCC_GetPCLK2ClockFreq	16	static
../Drivers/STM32F3xx_HAL_Driver/Src/stm32f3xx_ll_rcc.c:1076:10:RCC_PLL_GetFreqDomain_SYS	32	static,ignoring_inline_asm
