../Drivers/STM32F3xx_HAL_Driver/Inc/stm32f3xx_ll_dma.h:562:22:LL_DMA_ConfigTransfer	24	static
../Drivers/STM32F3xx_HAL_Driver/Inc/stm32f3xx_ll_dma.h:915:22:LL_DMA_SetDataLength	24	static
../Drivers/STM32F3xx_HAL_Driver/Inc/stm32f3xx_ll_dma.h:1000:22:LL_DMA_SetMemoryAddress	24	static
../Drivers/STM32F3xx_HAL_Driver/Inc/stm32f3xx_ll_dma.h:1022:22:LL_DMA_SetPeriphAddress	24	static
../Drivers/STM32F3xx_HAL_Driver/Inc/stm32f3xx_ll_dma.h:1474:22:LL_DMA_ClearFlag_GI1	16	static
../Drivers/STM32F3xx_HAL_Driver/Inc/stm32f3xx_ll_dma.h:1485:22:LL_DMA_ClearFlag_GI2	16	static
../Drivers/STM32F3xx_HAL_Driver/Inc/stm32f3xx_ll_dma.h:1496:22:LL_DMA_ClearFlag_GI3	16	static
../Drivers/STM32F3xx_HAL_Driver/Inc/stm32f3xx_ll_dma.h:1507:22:LL_DMA_ClearFlag_GI4	16	static
../Drivers/STM32F3xx_HAL_Driver/Inc/stm32f3xx_ll_dma.h:1518:22:LL_DMA_ClearFlag_GI5	16	static
../Drivers/STM32F3xx_HAL_Driver/Inc/stm32f3xx_ll_dma.h:1529:22:LL_DMA_ClearFlag_GI6	16	static
../Drivers/STM32F3xx_HAL_Driver/Inc/stm32f3xx_ll_dma.h:1540:22:LL_DMA_ClearFlag_GI7	16	static
../Drivers/STM32F3xx_HAL_Driver/Src/stm32f3xx_ll_dma.c:149:10:LL_DMA_DeInit	24	static
../Drivers/STM32F3xx_HAL_Driver/Src/stm32f3xx_ll_dma.c:238:10:LL_DMA_Init	24	static
../Drivers/STM32F3xx_HAL_Driver/Src/stm32f3xx_ll_dma.c:300:6:LL_DMA_StructInit	16	static
