Archive member included to satisfy reference by file (symbol)

D:/STM32CubeIDE_app/STM32CubeIDE_1.16.0/STM32CubeIDE/plugins/com.st.stm32cube.ide.mcu.externaltools.gnu-tools-for-stm32.12.3.rel1.win32_1.0.200.202406191623/tools/bin/../lib/gcc/arm-none-eabi/12.3.1/../../../../arm-none-eabi/lib/thumb/v7e-m+fp/hard\libc_nano.a(libc_a-exit.o)
                              D:/STM32CubeIDE_app/STM32CubeIDE_1.16.0/STM32CubeIDE/plugins/com.st.stm32cube.ide.mcu.externaltools.gnu-tools-for-stm32.12.3.rel1.win32_1.0.200.202406191623/tools/bin/../lib/gcc/arm-none-eabi/12.3.1/../../../../arm-none-eabi/lib/thumb/v7e-m+fp/hard/crt0.o (exit)
D:/STM32CubeIDE_app/STM32CubeIDE_1.16.0/STM32CubeIDE/plugins/com.st.stm32cube.ide.mcu.externaltools.gnu-tools-for-stm32.12.3.rel1.win32_1.0.200.202406191623/tools/bin/../lib/gcc/arm-none-eabi/12.3.1/../../../../arm-none-eabi/lib/thumb/v7e-m+fp/hard\libc_nano.a(libc_a-findfp.o)
                              D:/STM32CubeIDE_app/STM32CubeIDE_1.16.0/STM32CubeIDE/plugins/com.st.stm32cube.ide.mcu.externaltools.gnu-tools-for-stm32.12.3.rel1.win32_1.0.200.202406191623/tools/bin/../lib/gcc/arm-none-eabi/12.3.1/../../../../arm-none-eabi/lib/thumb/v7e-m+fp/hard\libc_nano.a(libc_a-exit.o) (__stdio_exit_handler)
D:/STM32CubeIDE_app/STM32CubeIDE_1.16.0/STM32CubeIDE/plugins/com.st.stm32cube.ide.mcu.externaltools.gnu-tools-for-stm32.12.3.rel1.win32_1.0.200.202406191623/tools/bin/../lib/gcc/arm-none-eabi/12.3.1/../../../../arm-none-eabi/lib/thumb/v7e-m+fp/hard\libc_nano.a(libc_a-fwalk.o)
                              D:/STM32CubeIDE_app/STM32CubeIDE_1.16.0/STM32CubeIDE/plugins/com.st.stm32cube.ide.mcu.externaltools.gnu-tools-for-stm32.12.3.rel1.win32_1.0.200.202406191623/tools/bin/../lib/gcc/arm-none-eabi/12.3.1/../../../../arm-none-eabi/lib/thumb/v7e-m+fp/hard\libc_nano.a(libc_a-findfp.o) (_fwalk_sglue)
D:/STM32CubeIDE_app/STM32CubeIDE_1.16.0/STM32CubeIDE/plugins/com.st.stm32cube.ide.mcu.externaltools.gnu-tools-for-stm32.12.3.rel1.win32_1.0.200.202406191623/tools/bin/../lib/gcc/arm-none-eabi/12.3.1/../../../../arm-none-eabi/lib/thumb/v7e-m+fp/hard\libc_nano.a(libc_a-stdio.o)
                              D:/STM32CubeIDE_app/STM32CubeIDE_1.16.0/STM32CubeIDE/plugins/com.st.stm32cube.ide.mcu.externaltools.gnu-tools-for-stm32.12.3.rel1.win32_1.0.200.202406191623/tools/bin/../lib/gcc/arm-none-eabi/12.3.1/../../../../arm-none-eabi/lib/thumb/v7e-m+fp/hard\libc_nano.a(libc_a-findfp.o) (__sread)
D:/STM32CubeIDE_app/STM32CubeIDE_1.16.0/STM32CubeIDE/plugins/com.st.stm32cube.ide.mcu.externaltools.gnu-tools-for-stm32.12.3.rel1.win32_1.0.200.202406191623/tools/bin/../lib/gcc/arm-none-eabi/12.3.1/../../../../arm-none-eabi/lib/thumb/v7e-m+fp/hard\libc_nano.a(libc_a-memset.o)
                              D:/STM32CubeIDE_app/STM32CubeIDE_1.16.0/STM32CubeIDE/plugins/com.st.stm32cube.ide.mcu.externaltools.gnu-tools-for-stm32.12.3.rel1.win32_1.0.200.202406191623/tools/bin/../lib/gcc/arm-none-eabi/12.3.1/../../../../arm-none-eabi/lib/thumb/v7e-m+fp/hard/crt0.o (memset)
D:/STM32CubeIDE_app/STM32CubeIDE_1.16.0/STM32CubeIDE/plugins/com.st.stm32cube.ide.mcu.externaltools.gnu-tools-for-stm32.12.3.rel1.win32_1.0.200.202406191623/tools/bin/../lib/gcc/arm-none-eabi/12.3.1/../../../../arm-none-eabi/lib/thumb/v7e-m+fp/hard\libc_nano.a(libc_a-closer.o)
                              D:/STM32CubeIDE_app/STM32CubeIDE_1.16.0/STM32CubeIDE/plugins/com.st.stm32cube.ide.mcu.externaltools.gnu-tools-for-stm32.12.3.rel1.win32_1.0.200.202406191623/tools/bin/../lib/gcc/arm-none-eabi/12.3.1/../../../../arm-none-eabi/lib/thumb/v7e-m+fp/hard\libc_nano.a(libc_a-stdio.o) (_close_r)
D:/STM32CubeIDE_app/STM32CubeIDE_1.16.0/STM32CubeIDE/plugins/com.st.stm32cube.ide.mcu.externaltools.gnu-tools-for-stm32.12.3.rel1.win32_1.0.200.202406191623/tools/bin/../lib/gcc/arm-none-eabi/12.3.1/../../../../arm-none-eabi/lib/thumb/v7e-m+fp/hard\libc_nano.a(libc_a-reent.o)
                              D:/STM32CubeIDE_app/STM32CubeIDE_1.16.0/STM32CubeIDE/plugins/com.st.stm32cube.ide.mcu.externaltools.gnu-tools-for-stm32.12.3.rel1.win32_1.0.200.202406191623/tools/bin/../lib/gcc/arm-none-eabi/12.3.1/../../../../arm-none-eabi/lib/thumb/v7e-m+fp/hard\libc_nano.a(libc_a-closer.o) (errno)
D:/STM32CubeIDE_app/STM32CubeIDE_1.16.0/STM32CubeIDE/plugins/com.st.stm32cube.ide.mcu.externaltools.gnu-tools-for-stm32.12.3.rel1.win32_1.0.200.202406191623/tools/bin/../lib/gcc/arm-none-eabi/12.3.1/../../../../arm-none-eabi/lib/thumb/v7e-m+fp/hard\libc_nano.a(libc_a-impure.o)
                              D:/STM32CubeIDE_app/STM32CubeIDE_1.16.0/STM32CubeIDE/plugins/com.st.stm32cube.ide.mcu.externaltools.gnu-tools-for-stm32.12.3.rel1.win32_1.0.200.202406191623/tools/bin/../lib/gcc/arm-none-eabi/12.3.1/../../../../arm-none-eabi/lib/thumb/v7e-m+fp/hard\libc_nano.a(libc_a-reent.o) (_impure_ptr)
[...]
Memory Configuration

Name             Origin             Length             Attributes
CCMRAM           0x10000000         0x00001000         xrw
RAM              0x20000000         0x00003000         xrw
FLASH            0x08000000         0x00010000         xr
*default*        0x00000000         0xffffffff

Linker script and memory map

LOAD D:/STM32CubeIDE_app/STM32CubeIDE_1.16.0/STM32CubeIDE/plugins/com.st.stm32cube.ide.mcu.externaltools.gnu-tools-for-stm32.12.3.rel1.win32_1.0.200.202406191623/tools/bin/../lib/gcc/arm-none-eabi/12.3.1/thumb/v7e-m+fp/hard/crti.o
LOAD D:/STM32CubeIDE_app/STM32CubeIDE_1.16.0/STM32CubeIDE/plugins/com.st.stm32cube.ide.mcu.externaltools.gnu-tools-for-stm32.12.3.rel1.win32_1.0.200.202406191623/tools/bin/../lib/gcc/arm-none-eabi/12.3.1/thumb/v7e-m+fp/hard/crtbegin.o
LOAD D:/STM32CubeIDE_app/STM32CubeIDE_1.16.0/STM32CubeIDE/plugins/com.st.stm32cube.ide.mcu.externaltools.gnu-tools-for-stm32.12.3.rel1.win32_1.0.200.202406191623/tools/bin/../lib/gcc/arm-none-eabi/12.3.1/../../../../arm-none-eabi/lib/thumb/v7e-m+fp/hard/crt0.o
LOAD ./Core/Src/dma.o
LOAD ./Core/Src/gpio.o
LOAD ./Core/Src/i2c.o
LOAD ./Core/Src/main.o
LOAD ./Core/Src/stm32f3xx_it.o
LOAD ./Core/Src/syscalls.o
LOAD ./Core/Src/sysmem.o
LOAD ./Core/Src/system_stm32f3xx.o
LOAD ./Core/Src/usart.o
LOAD ./Core/Startup/startup_stm32f303k8tx.o
LOAD ./Drivers/STM32F3xx_HAL_Driver/Src/stm32f3xx_ll_dma.o
LOAD ./Drivers/STM32F3xx_HAL_Driver/Src/stm32f3xx_ll_exti.o
LOAD ./Drivers/STM32F3xx_HAL_Driver/Src/stm32f3xx_ll_gpio.o
LOAD ./Drivers/STM32F3xx_HAL_Driver/Src/stm32f3xx_ll_i2c.o
LOAD ./Drivers/STM32F3xx_HAL_Driver/Src/stm32f3xx_ll_rcc.o
LOAD ./Drivers/STM32F3xx_HAL_Driver/Src/stm32f3xx_ll_usart.o
LOAD ./Drivers/STM32F3xx_HAL_Driver/Src/stm32f3xx_ll_utils.o
START GROUP
LOAD D:/STM32CubeIDE_app/STM32CubeIDE_1.16.0/STM32CubeIDE/plugins/com.st.stm32cube.ide.mcu.externaltools.gnu-tools-for-stm32.12.3.rel1.win32_1.0.200.202406191623/tools/bin/../lib/gcc/arm-none-eabi/12.3.1/../../../../arm-none-eabi/lib/thumb/v7e-m+fp/hard\libc_nano.a
LOAD D:/STM32CubeIDE_app/STM32CubeIDE_1.16.0/STM32CubeIDE/plugins/com.st.stm32cube.ide.mcu.externaltools.gnu-tools-for-stm32.12.3.rel1.win32_1.0.200.202406191623/tools/bin/../lib/gcc/arm-none-eabi/12.3.1/../../../../arm-none-eabi/lib/thumb/v7e-m+fp/hard\libm.a
END GROUP
START GROUP
LOAD D:/STM32CubeIDE_app/STM32CubeIDE_1.16.0/STM32CubeIDE/plugins/com.st.stm32cube.ide.mcu.externaltools.gnu-tools-for-stm32.12.3.rel1.win32_1.0.200.202406191623/tools/bin/../lib/gcc/arm-none-eabi/12.3.1/thumb/v7e-m+fp/hard\libgcc.a
LOAD D:/STM32CubeIDE_app/STM32CubeIDE_1.16.0/STM32CubeIDE/plugins/com.st.stm32cube.ide.mcu.externaltools.gnu-tools-for-stm32.12.3.rel1.win32_1.0.200.202406191623/tools/bin/../lib/gcc/arm-none-eabi/12.3.1/../../../../arm-none-eabi/lib/thumb/v7e-m+fp/hard\libc_nano.a
END GROUP
START GROUP
LOAD D:/STM32CubeIDE_app/STM32CubeIDE_1.16.0/STM32CubeIDE/plugins/com.st.stm32cube.ide.mcu.externaltools.gnu-tools-for-stm32.12.3.rel1.win32_1.0.200.202406191623/tools/bin/../lib/gcc/arm-none-eabi/12.3.1/thumb/v7e-m+fp/hard\libgcc.a
LOAD D:/STM32CubeIDE_app/STM32CubeIDE_1.16.0/STM32CubeIDE/plugins/com.st.stm32cube.ide.mcu.externaltools.gnu-tools-for-stm32.12.3.rel1.win32_1.0.200.202406191623/tools/bin/../lib/gcc/arm-none-eabi/12.3.1/../../../../arm-none-eabi/lib/thumb/v7e-m+fp/hard\libc_nano.a
LOAD D:/STM32CubeIDE_app/STM32CubeIDE_1.16.0/STM32CubeIDE/plugins/com.st.stm32cube.ide.mcu.externaltools.gnu-tools-for-stm32.12.3.rel1.win32_1.0.200.202406191623/tools/bin/../lib/gcc/arm-none-eabi/12.3.1/../../../../arm-none-eabi/lib/thumb/v7e-m+fp/hard\libnosys.a
END GROUP
START GROUP
LOAD D:/STM32CubeIDE_app/STM32CubeIDE_1.16.0/STM32CubeIDE/plugins/com.st.stm32cube.ide.mcu.externaltools.gnu-tools-for-stm32.12.3.rel1.win32_1.0.200.202406191623/tools/bin/../lib/gcc/arm-none-eabi/12.3.1/thumb/v7e-m+fp/hard\libgcc.a
LOAD D:/STM32CubeIDE_app/STM32CubeIDE_1.16.0/STM32CubeIDE/plugins/com.st.stm32cube.ide.mcu.externaltools.gnu-tools-for-stm32.12.3.rel1.win32_1.0.200.202406191623/tools/bin/../lib/gcc/arm-none-eabi/12.3.1/../../../../arm-none-eabi/lib/thumb/v7e-m+fp/hard\libc_nano.a
LOAD D:/STM32CubeIDE_app/STM32CubeIDE_1.16.0/STM32CubeIDE/plugins/com.st.stm32cube.ide.mcu.externaltools.gnu-tools-for-stm32.12.3.rel1.win32_1.0.200.202406191623/tools/bin/../lib/gcc/arm-none-eabi/12.3.1/../../../../arm-none-eabi/lib/thumb/v7e-m+fp/hard\libnosys.a
END GROUP
LOAD D:/STM32CubeIDE_app/STM32CubeIDE_1.16.0/STM32CubeIDE/plugins/com.st.stm32cube.ide.mcu.externaltools.gnu-tools-for-stm32.12.3.rel1.win32_1.0.200.202406191623/tools/bin/../lib/gcc/arm-none-eabi/12.3.1/thumb/v7e-m+fp/hard/crtend.o
LOAD D:/STM32CubeIDE_app/STM32CubeIDE_1.16.0/STM32CubeIDE/plugins/com.st.stm32cube.ide.mcu.externaltools.gnu-tools-for-stm32.12.3.rel1.win32_1.0.200.202406191623/tools/bin/../lib/gcc/arm-none-eabi/12.3.1/thumb/v7e-m+fp/hard/crtn.o
                0x20003000                        _estack = (ORIGIN (RAM) + LENGTH (RAM))
                0x00000200                        _Min_Heap_Size = 0x200
                0x00000400                        _Min_Stack_Size = 0x400

.isr_vector     0x08000000      0x188
                0x08000000                        . = ALIGN (0x4)
 *(.isr_vector)
 .isr_vector    0x08000000      0x188 ./Core/Startup/startup_stm32f303k8tx.o
                0x08000000                g_pfnVectors
                0x08000188                        . = ALIGN (0x4)

.text           0x08000188     0x1cf4
                0x08000188                        . = ALIGN (0x4)
 *(.text)
 .text          0x08000188       0x40 D:/STM32CubeIDE_app/STM32CubeIDE_1.16.0/STM32CubeIDE/plugins/com.st.stm32cube.ide.mcu.externaltools.gnu-tools-for-stm32.12.3.rel1.win32_1.0.200.202406191623/tools/bin/../lib/gcc/arm-none-eabi/12.3.1/thumb/v7e-m+fp/hard/crtbegin.o
 *(.text*)
 .text.__NVIC_GetPriorityGrouping
                0x080001c8       0x1c ./Core/Src/dma.o
 .text.__NVIC_EnableIRQ
                0x080001e4       0x3c ./Core/Src/dma.o
 .text.__NVIC_SetPriority
                0x08000220       0x54 ./Core/Src/dma.o
 .text.NVIC_EncodePriority
                0x08000274       0x66 ./Core/Src/dma.o
 *fill*         0x080002da        0x2 
 .text.LL_AHB1_GRP1_EnableClock
                0x080002dc       0x30 ./Core/Src/dma.o
 .text.MX_DMA_Init
                0x0800030c       0x4e ./Core/Src/dma.o
                0x0800030c                MX_DMA_Init
 *fill*         0x0800035a        0x2 
 .text.LL_AHB1_GRP1_EnableClock
                0x0800035c       0x30 ./Core/Src/gpio.o
 .text.MX_GPIO_Init
                0x0800038c       0x18 ./Core/Src/gpio.o
                0x0800038c                MX_GPIO_Init
 .text.__NVIC_GetPriorityGrouping
                0x080003a4       0x1c ./Core/Src/i2c.o
 .text.__NVIC_EnableIRQ
                0x080003c0       0x3c ./Core/Src/i2c.o
 .text.__NVIC_SetPriority
                0x080003fc       0x54 ./Core/Src/i2c.o
 .text.NVIC_EncodePriority
                0x08000450       0x66 ./Core/Src/i2c.o
 .text.LL_I2C_EnableClockStretching
                0x080004b6       0x20 ./Core/Src/i2c.o
 .text.LL_I2C_DisableGeneralCall
                0x080004d6       0x20 ./Core/Src/i2c.o
 .text.LL_I2C_SetOwnAddress2
                0x080004f6       0x30 ./Core/Src/i2c.o
 .text.LL_I2C_DisableOwnAddress2
                0x08000526       0x20 ./Core/Src/i2c.o
 .text.LL_I2C_EnableAutoEndMode
                0x08000546       0x20 ./Core/Src/i2c.o
 *fill*         0x08000566        0x2 
 .text.LL_AHB1_GRP1_EnableClock
                0x08000568       0x30 ./Core/Src/i2c.o
 .text.LL_APB1_GRP1_EnableClock
                0x08000598       0x30 ./Core/Src/i2c.o
 .text.MX_I2C1_Init
                0x080005c8       0xdc ./Core/Src/i2c.o
                0x080005c8                MX_I2C1_Init
 .text.__NVIC_SetPriorityGrouping
                0x080006a4       0x48 ./Core/Src/main.o
 .text.__NVIC_GetPriorityGrouping
                0x080006ec       0x1c ./Core/Src/main.o
 .text.__NVIC_SetPriority
                0x08000708       0x54 ./Core/Src/main.o
 .text.NVIC_EncodePriority
                0x0800075c       0x66 ./Core/Src/main.o
 *fill*         0x080007c2        0x2 
 .text.LL_RCC_HSI_Enable
                0x080007c4       0x20 ./Core/Src/main.o
 .text.LL_RCC_HSI_IsReady
                0x080007e4       0x24 ./Core/Src/main.o
 .text.LL_RCC_HSI_SetCalibTrimming
                0x08000808       0x2c ./Core/Src/main.o
 .text.LL_RCC_SetSysClkSource
                0x08000834       0x28 ./Core/Src/main.o
 .text.LL_RCC_GetSysClkSource
                0x0800085c       0x1c ./Core/Src/main.o
 .text.LL_RCC_SetAHBPrescaler
                0x08000878       0x28 ./Core/Src/main.o
 .text.LL_RCC_SetAPB1Prescaler
                0x080008a0       0x28 ./Core/Src/main.o
 .text.LL_RCC_SetAPB2Prescaler
                0x080008c8       0x28 ./Core/Src/main.o
 .text.LL_RCC_SetI2CClockSource
                0x080008f0       0x30 ./Core/Src/main.o
 .text.LL_APB1_GRP1_EnableClock
                0x08000920       0x30 ./Core/Src/main.o
 .text.LL_APB2_GRP1_EnableClock
                0x08000950       0x30 ./Core/Src/main.o
 .text.LL_FLASH_SetLatency
                0x08000980       0x28 ./Core/Src/main.o
 .text.LL_FLASH_GetLatency
                0x080009a8       0x1c ./Core/Src/main.o
 .text.main     0x080009c4       0x60 ./Core/Src/main.o
                0x080009c4                main
 .text.SystemClock_Config
                0x08000a24       0x6c ./Core/Src/main.o
                0x08000a24                SystemClock_Config
 .text.LL_DMA_DisableChannel
                0x08000a90       0x40 ./Core/Src/stm32f3xx_it.o
 .text.LL_DMA_IsActiveFlag_TC7
                0x08000ad0       0x28 ./Core/Src/stm32f3xx_it.o
 .text.LL_DMA_ClearFlag_TC7
                0x08000af8       0x1c ./Core/Src/stm32f3xx_it.o
 .text.LL_USART_IsActiveFlag_TC
                0x08000b14       0x26 ./Core/Src/stm32f3xx_it.o
 .text.NMI_Handler
                0x08000b3a        0x8 ./Core/Src/stm32f3xx_it.o
                0x08000b3a                NMI_Handler
 .text.HardFault_Handler
                0x08000b42        0x8 ./Core/Src/stm32f3xx_it.o
                0x08000b42                HardFault_Handler
 .text.MemManage_Handler
                0x08000b4a        0x8 ./Core/Src/stm32f3xx_it.o
                0x08000b4a                MemManage_Handler
 .text.BusFault_Handler
                0x08000b52        0x8 ./Core/Src/stm32f3xx_it.o
                0x08000b52                BusFault_Handler
 .text.UsageFault_Handler
                0x08000b5a        0x8 ./Core/Src/stm32f3xx_it.o
                0x08000b5a                UsageFault_Handler
 .text.SVC_Handler
                0x08000b62        0xe ./Core/Src/stm32f3xx_it.o
                0x08000b62                SVC_Handler
 .text.DebugMon_Handler
                0x08000b70        0xe ./Core/Src/stm32f3xx_it.o
                0x08000b70                DebugMon_Handler
 .text.PendSV_Handler
                0x08000b7e        0xe ./Core/Src/stm32f3xx_it.o
                0x08000b7e                PendSV_Handler
 .text.SysTick_Handler
                0x08000b8c        0xe ./Core/Src/stm32f3xx_it.o
                0x08000b8c                SysTick_Handler
 .text.DMA1_Channel6_IRQHandler
                0x08000b9a        0xe ./Core/Src/stm32f3xx_it.o
                0x08000b9a                DMA1_Channel6_IRQHandler
 .text.DMA1_Channel7_IRQHandler
                0x08000ba8       0x38 ./Core/Src/stm32f3xx_it.o
                0x08000ba8                DMA1_Channel7_IRQHandler
 .text.I2C1_EV_IRQHandler
                0x08000be0        0xe ./Core/Src/stm32f3xx_it.o
                0x08000be0                I2C1_EV_IRQHandler
 *fill*         0x08000bee        0x2 
 .text.SystemInit
                0x08000bf0       0x24 ./Core/Src/system_stm32f3xx.o
                0x08000bf0                SystemInit
 .text.__NVIC_EnableIRQ
                0x08000c14       0x3c ./Core/Src/usart.o
 .text.__NVIC_SetPriority
                0x08000c50       0x54 ./Core/Src/usart.o
 .text.LL_DMA_EnableChannel
                0x08000ca4       0x40 ./Core/Src/usart.o
 .text.LL_DMA_SetDataTransferDirection
                0x08000ce4       0x4c ./Core/Src/usart.o
 .text.LL_DMA_SetMode
                0x08000d30       0x48 ./Core/Src/usart.o
 .text.LL_DMA_SetPeriphIncMode
                0x08000d78       0x48 ./Core/Src/usart.o
 .text.LL_DMA_SetMemoryIncMode
                0x08000dc0       0x48 ./Core/Src/usart.o
 .text.LL_DMA_SetPeriphSize
                0x08000e08       0x48 ./Core/Src/usart.o
 .text.LL_DMA_SetMemorySize
                0x08000e50       0x48 ./Core/Src/usart.o
 .text.LL_DMA_SetChannelPriorityLevel
                0x08000e98       0x48 ./Core/Src/usart.o
 .text.LL_DMA_SetDataLength
                0x08000ee0       0x48 ./Core/Src/usart.o
 .text.LL_DMA_SetMemoryAddress
                0x08000f28       0x30 ./Core/Src/usart.o
 .text.LL_DMA_SetPeriphAddress
                0x08000f58       0x30 ./Core/Src/usart.o
 .text.LL_DMA_EnableIT_TC
                0x08000f88       0x40 ./Core/Src/usart.o
 .text.LL_DMA_EnableIT_TE
                0x08000fc8       0x40 ./Core/Src/usart.o
 .text.LL_AHB1_GRP1_EnableClock
                0x08001008       0x30 ./Core/Src/usart.o
 .text.LL_APB1_GRP1_EnableClock
                0x08001038       0x30 ./Core/Src/usart.o
 .text.LL_USART_Enable
                0x08001068       0x20 ./Core/Src/usart.o
 .text.LL_USART_ConfigAsyncMode
                0x08001088       0x2c ./Core/Src/usart.o
 .text.LL_USART_DisableIT_CTS
                0x080010b4       0x46 ./Core/Src/usart.o
 .text.LL_USART_EnableDMAReq_TX
                0x080010fa       0x46 ./Core/Src/usart.o
 .text.LL_USART_DMA_GetRegAddr
                0x08001140       0x2c ./Core/Src/usart.o
 .text.MX_USART2_UART_Init
                0x0800116c      0x1b4 ./Core/Src/usart.o
                0x0800116c                MX_USART2_UART_Init
 .text.USART2_PutBuffer
                0x08001320       0x40 ./Core/Src/usart.o
                0x08001320                USART2_PutBuffer
 .text.Reset_Handler
                0x08001360       0x50 ./Core/Startup/startup_stm32f303k8tx.o
                0x08001360                Reset_Handler
 .text.Default_Handler
                0x080013b0        0x2 ./Core/Startup/startup_stm32f303k8tx.o
                0x080013b0                RTC_Alarm_IRQHandler
                0x080013b0                TIM1_CC_IRQHandler
                0x080013b0                PVD_IRQHandler
                0x080013b0                TAMP_STAMP_IRQHandler
                0x080013b0                EXTI3_IRQHandler
                0x080013b0                EXTI0_IRQHandler
                0x080013b0                FPU_IRQHandler
                0x080013b0                CAN_TX_IRQHandler
                0x080013b0                TIM1_UP_TIM16_IRQHandler
                0x080013b0                ADC1_2_IRQHandler
                0x080013b0                SPI1_IRQHandler
                0x080013b0                CAN_SCE_IRQHandler
                0x080013b0                DMA1_Channel4_IRQHandler
                0x080013b0                USART3_IRQHandler
                0x080013b0                TIM7_DAC2_IRQHandler
                0x080013b0                CAN_RX1_IRQHandler
                0x080013b0                TIM3_IRQHandler
                0x080013b0                RCC_IRQHandler
                0x080013b0                DMA1_Channel1_IRQHandler
                0x080013b0                Default_Handler
                0x080013b0                EXTI15_10_IRQHandler
                0x080013b0                COMP2_IRQHandler
                0x080013b0                TIM6_DAC1_IRQHandler
                0x080013b0                EXTI9_5_IRQHandler
                0x080013b0                RTC_WKUP_IRQHandler
                0x080013b0                DMA1_Channel5_IRQHandler
                0x080013b0                EXTI4_IRQHandler
                0x080013b0                TIM1_TRG_COM_TIM17_IRQHandler
                0x080013b0                DMA1_Channel3_IRQHandler
                0x080013b0                WWDG_IRQHandler
                0x080013b0                TIM2_IRQHandler
                0x080013b0                EXTI1_IRQHandler
                0x080013b0                COMP4_6_IRQHandler
                0x080013b0                USART2_IRQHandler
                0x080013b0                DMA1_Channel2_IRQHandler
                0x080013b0                FLASH_IRQHandler
                0x080013b0                USART1_IRQHandler
                0x080013b0                CAN_RX0_IRQHandler
                0x080013b0                I2C1_ER_IRQHandler
                0x080013b0                EXTI2_TSC_IRQHandler
                0x080013b0                TIM1_BRK_TIM15_IRQHandler
 .text.LL_GPIO_SetPinMode
                0x080013b2       0x5e ./Drivers/STM32F3xx_HAL_Driver/Src/stm32f3xx_ll_gpio.o
 .text.LL_GPIO_SetPinOutputType
                0x08001410       0x30 ./Drivers/STM32F3xx_HAL_Driver/Src/stm32f3xx_ll_gpio.o
 .text.LL_GPIO_SetPinSpeed
                0x08001440       0x5e ./Drivers/STM32F3xx_HAL_Driver/Src/stm32f3xx_ll_gpio.o
 .text.LL_GPIO_SetPinPull
                0x0800149e       0x5e ./Drivers/STM32F3xx_HAL_Driver/Src/stm32f3xx_ll_gpio.o
 .text.LL_GPIO_SetAFPin_0_7
                0x080014fc       0x5e ./Drivers/STM32F3xx_HAL_Driver/Src/stm32f3xx_ll_gpio.o
 .text.LL_GPIO_SetAFPin_8_15
                0x0800155a       0x62 ./Drivers/STM32F3xx_HAL_Driver/Src/stm32f3xx_ll_gpio.o
 .text.LL_GPIO_Init
                0x080015bc       0xe0 ./Drivers/STM32F3xx_HAL_Driver/Src/stm32f3xx_ll_gpio.o
                0x080015bc                LL_GPIO_Init
 .text.LL_I2C_Enable
                0x0800169c       0x20 ./Drivers/STM32F3xx_HAL_Driver/Src/stm32f3xx_ll_i2c.o
 .text.LL_I2C_Disable
                0x080016bc       0x20 ./Drivers/STM32F3xx_HAL_Driver/Src/stm32f3xx_ll_i2c.o
 .text.LL_I2C_ConfigFilters
                0x080016dc       0x2e ./Drivers/STM32F3xx_HAL_Driver/Src/stm32f3xx_ll_i2c.o
 .text.LL_I2C_SetOwnAddress1
                0x0800170a       0x30 ./Drivers/STM32F3xx_HAL_Driver/Src/stm32f3xx_ll_i2c.o
 .text.LL_I2C_EnableOwnAddress1
                0x0800173a       0x20 ./Drivers/STM32F3xx_HAL_Driver/Src/stm32f3xx_ll_i2c.o
 .text.LL_I2C_DisableOwnAddress1
                0x0800175a       0x20 ./Drivers/STM32F3xx_HAL_Driver/Src/stm32f3xx_ll_i2c.o
 .text.LL_I2C_SetTiming
                0x0800177a       0x1c ./Drivers/STM32F3xx_HAL_Driver/Src/stm32f3xx_ll_i2c.o
 .text.LL_I2C_SetMode
                0x08001796       0x26 ./Drivers/STM32F3xx_HAL_Driver/Src/stm32f3xx_ll_i2c.o
 .text.LL_I2C_AcknowledgeNextData
                0x080017bc       0x26 ./Drivers/STM32F3xx_HAL_Driver/Src/stm32f3xx_ll_i2c.o
 .text.LL_I2C_Init
                0x080017e2       0x78 ./Drivers/STM32F3xx_HAL_Driver/Src/stm32f3xx_ll_i2c.o
                0x080017e2                LL_I2C_Init
 *fill*         0x0800185a        0x2 
 .text.LL_RCC_HSI_IsReady
                0x0800185c       0x24 ./Drivers/STM32F3xx_HAL_Driver/Src/stm32f3xx_ll_rcc.o
 .text.LL_RCC_LSE_IsReady
                0x08001880       0x24 ./Drivers/STM32F3xx_HAL_Driver/Src/stm32f3xx_ll_rcc.o
 .text.LL_RCC_GetSysClkSource
                0x080018a4       0x1c ./Drivers/STM32F3xx_HAL_Driver/Src/stm32f3xx_ll_rcc.o
 .text.LL_RCC_GetAHBPrescaler
                0x080018c0       0x1c ./Drivers/STM32F3xx_HAL_Driver/Src/stm32f3xx_ll_rcc.o
 .text.LL_RCC_GetAPB1Prescaler
                0x080018dc       0x1c ./Drivers/STM32F3xx_HAL_Driver/Src/stm32f3xx_ll_rcc.o
 .text.LL_RCC_GetAPB2Prescaler
                0x080018f8       0x1c ./Drivers/STM32F3xx_HAL_Driver/Src/stm32f3xx_ll_rcc.o
 .text.LL_RCC_GetUSARTClockSource
                0x08001914       0x2c ./Drivers/STM32F3xx_HAL_Driver/Src/stm32f3xx_ll_rcc.o
 .text.LL_RCC_PLL_GetMainSource
                0x08001940       0x1c ./Drivers/STM32F3xx_HAL_Driver/Src/stm32f3xx_ll_rcc.o
 .text.LL_RCC_PLL_GetMultiplicator
                0x0800195c       0x1c ./Drivers/STM32F3xx_HAL_Driver/Src/stm32f3xx_ll_rcc.o
 .text.LL_RCC_PLL_GetPrediv
                0x08001978       0x1c ./Drivers/STM32F3xx_HAL_Driver/Src/stm32f3xx_ll_rcc.o
 .text.LL_RCC_GetSystemClocksFreq
                0x08001994       0x4a ./Drivers/STM32F3xx_HAL_Driver/Src/stm32f3xx_ll_rcc.o
                0x08001994                LL_RCC_GetSystemClocksFreq
 *fill*         0x080019de        0x2 
 .text.LL_RCC_GetUSARTClockFreq
                0x080019e0       0x84 ./Drivers/STM32F3xx_HAL_Driver/Src/stm32f3xx_ll_rcc.o
                0x080019e0                LL_RCC_GetUSARTClockFreq
 .text.RCC_GetSystemClockFreq
                0x08001a64       0x4c ./Drivers/STM32F3xx_HAL_Driver/Src/stm32f3xx_ll_rcc.o
                0x08001a64                RCC_GetSystemClockFreq
 .text.RCC_GetHCLKClockFreq
                0x08001ab0       0x2c ./Drivers/STM32F3xx_HAL_Driver/Src/stm32f3xx_ll_rcc.o
                0x08001ab0                RCC_GetHCLKClockFreq
 .text.RCC_GetPCLK1ClockFreq
                0x08001adc       0x28 ./Drivers/STM32F3xx_HAL_Driver/Src/stm32f3xx_ll_rcc.o
                0x08001adc                RCC_GetPCLK1ClockFreq
 .text.RCC_GetPCLK2ClockFreq
                0x08001b04       0x28 ./Drivers/STM32F3xx_HAL_Driver/Src/stm32f3xx_ll_rcc.o
                0x08001b04                RCC_GetPCLK2ClockFreq
 .text.RCC_PLL_GetFreqDomain_SYS
                0x08001b2c       0x7c ./Drivers/STM32F3xx_HAL_Driver/Src/stm32f3xx_ll_rcc.o
                0x08001b2c                RCC_PLL_GetFreqDomain_SYS
 .text.LL_USART_IsEnabled
                0x08001ba8       0x26 ./Drivers/STM32F3xx_HAL_Driver/Src/stm32f3xx_ll_usart.o
 .text.LL_USART_SetStopBitsLength
                0x08001bce       0x26 ./Drivers/STM32F3xx_HAL_Driver/Src/stm32f3xx_ll_usart.o
 .text.LL_USART_SetHWFlowCtrl
                0x08001bf4       0x26 ./Drivers/STM32F3xx_HAL_Driver/Src/stm32f3xx_ll_usart.o
 .text.LL_USART_SetBaudRate
                0x08001c1a       0x6e ./Drivers/STM32F3xx_HAL_Driver/Src/stm32f3xx_ll_usart.o
 .text.LL_USART_Init
                0x08001c88       0xd8 ./Drivers/STM32F3xx_HAL_Driver/Src/stm32f3xx_ll_usart.o
                0x08001c88                LL_USART_Init
 .text.LL_InitTick
                0x08001d60       0x34 ./Drivers/STM32F3xx_HAL_Driver/Src/stm32f3xx_ll_utils.o
 .text.LL_Init1msTick
                0x08001d94       0x1a ./Drivers/STM32F3xx_HAL_Driver/Src/stm32f3xx_ll_utils.o
                0x08001d94                LL_Init1msTick
 *fill*         0x08001dae        0x2 
 .text.LL_mDelay
                0x08001db0       0x4c ./Drivers/STM32F3xx_HAL_Driver/Src/stm32f3xx_ll_utils.o
                0x08001db0                LL_mDelay
 .text.LL_SetSystemCoreClock
                0x08001dfc       0x20 ./Drivers/STM32F3xx_HAL_Driver/Src/stm32f3xx_ll_utils.o
                0x08001dfc                LL_SetSystemCoreClock
 .text.__libc_init_array
                0x08001e1c       0x48 D:/STM32CubeIDE_app/STM32CubeIDE_1.16.0/STM32CubeIDE/plugins/com.st.stm32cube.ide.mcu.externaltools.gnu-tools-for-stm32.12.3.rel1.win32_1.0.200.202406191623/tools/bin/../lib/gcc/arm-none-eabi/12.3.1/../../../../arm-none-eabi/lib/thumb/v7e-m+fp/hard\libc_nano.a(libc_a-init.o)
                0x08001e1c                __libc_init_array
 *(.glue_7)
 .glue_7        0x08001e64        0x0 linker stubs
 *(.glue_7t)
 .glue_7t       0x08001e64        0x0 linker stubs
 *(.eh_frame)
 .eh_frame      0x08001e64        0x0 D:/STM32CubeIDE_app/STM32CubeIDE_1.16.0/STM32CubeIDE/plugins/com.st.stm32cube.ide.mcu.externaltools.gnu-tools-for-stm32.12.3.rel1.win32_1.0.200.202406191623/tools/bin/../lib/gcc/arm-none-eabi/12.3.1/thumb/v7e-m+fp/hard/crtbegin.o
 *(.init)
 .init          0x08001e64        0x4 D:/STM32CubeIDE_app/STM32CubeIDE_1.16.0/STM32CubeIDE/plugins/com.st.stm32cube.ide.mcu.externaltools.gnu-tools-for-stm32.12.3.rel1.win32_1.0.200.202406191623/tools/bin/../lib/gcc/arm-none-eabi/12.3.1/thumb/v7e-m+fp/hard/crti.o
                0x08001e64                _init
 .init          0x08001e68        0x8 D:/STM32CubeIDE_app/STM32CubeIDE_1.16.0/STM32CubeIDE/plugins/com.st.stm32cube.ide.mcu.externaltools.gnu-tools-for-stm32.12.3.rel1.win32_1.0.200.202406191623/tools/bin/../lib/gcc/arm-none-eabi/12.3.1/thumb/v7e-m+fp/hard/crtn.o
 *(.fini)
 .fini          0x08001e70        0x4 D:/STM32CubeIDE_app/STM32CubeIDE_1.16.0/STM32CubeIDE/plugins/com.st.stm32cube.ide.mcu.externaltools.gnu-tools-for-stm32.12.3.rel1.win32_1.0.200.202406191623/tools/bin/../lib/gcc/arm-none-eabi/12.3.1/thumb/v7e-m+fp/hard/crti.o
                0x08001e70                _fini
 .fini          0x08001e74        0x8 D:/STM32CubeIDE_app/STM32CubeIDE_1.16.0/STM32CubeIDE/plugins/com.st.stm32cube.ide.mcu.externaltools.gnu-tools-for-stm32.12.3.rel1.win32_1.0.200.202406191623/tools/bin/../lib/gcc/arm-none-eabi/12.3.1/thumb/v7e-m+fp/hard/crtn.o
                0x08001e7c                        . = ALIGN (0x4)
                0x08001e7c                        _etext = .

.vfp11_veneer   0x08001e7c        0x0
 .vfp11_veneer  0x08001e7c        0x0 linker stubs

.v4_bx          0x08001e7c        0x0
 .v4_bx         0x08001e7c        0x0 linker stubs

.iplt           0x08001e7c        0x0
 .iplt          0x08001e7c        0x0 D:/STM32CubeIDE_app/STM32CubeIDE_1.16.0/STM32CubeIDE/plugins/com.st.stm32cube.ide.mcu.externaltools.gnu-tools-for-stm32.12.3.rel1.win32_1.0.200.202406191623/tools/bin/../lib/gcc/arm-none-eabi/12.3.1/thumb/v7e-m+fp/hard/crtbegin.o

.rodata         0x08001e7c       0x28
                0x08001e7c                        . = ALIGN (0x4)
 *(.rodata)
 *(.rodata*)
 .rodata.CHANNEL_OFFSET_TAB
                0x08001e7c        0x7 ./Core/Src/stm32f3xx_it.o
 *fill*         0x08001e83        0x1 
 .rodata.AHBPrescTable
                0x08001e84       0x10 ./Core/Src/system_stm32f3xx.o
                0x08001e84                AHBPrescTable
 .rodata.APBPrescTable
                0x08001e94        0x8 ./Core/Src/system_stm32f3xx.o
                0x08001e94                APBPrescTable
 .rodata.CHANNEL_OFFSET_TAB
                0x08001e9c        0x7 ./Core/Src/usart.o
                0x08001ea4                        . = ALIGN (0x4)
 *fill*         0x08001ea3        0x1 

.ARM.extab      0x08001ea4        0x0
                0x08001ea4                        . = ALIGN (0x4)
 *(.ARM.extab* .gnu.linkonce.armextab.*)
                0x08001ea4                        . = ALIGN (0x4)

.ARM            0x08001ea4        0x0
                0x08001ea4                        . = ALIGN (0x4)
                0x08001ea4                        __exidx_start = .
 *(.ARM.exidx*)
                0x08001ea4                        __exidx_end = .
                0x08001ea4                        . = ALIGN (0x4)

.preinit_array  0x08001ea4        0x0
                0x08001ea4                        . = ALIGN (0x4)
                0x08001ea4                        PROVIDE (__preinit_array_start = .)
 *(.preinit_array*)
                0x08001ea4                        PROVIDE (__preinit_array_end = .)
                0x08001ea4                        . = ALIGN (0x4)

.init_array     0x08001ea4        0x4
                0x08001ea4                        . = ALIGN (0x4)
                0x08001ea4                        PROVIDE (__init_array_start = .)
 *(SORT_BY_NAME(.init_array.*))
 *(.init_array*)
 .init_array    0x08001ea4        0x4 D:/STM32CubeIDE_app/STM32CubeIDE_1.16.0/STM32CubeIDE/plugins/com.st.stm32cube.ide.mcu.externaltools.gnu-tools-for-stm32.12.3.rel1.win32_1.0.200.202406191623/tools/bin/../lib/gcc/arm-none-eabi/12.3.1/thumb/v7e-m+fp/hard/crtbegin.o
                0x08001ea8                        PROVIDE (__init_array_end = .)
                0x08001ea8                        . = ALIGN (0x4)

.fini_array     0x08001ea8        0x4
                0x08001ea8                        . = ALIGN (0x4)
                [!provide]                        PROVIDE (__fini_array_start = .)
 *(SORT_BY_NAME(.fini_array.*))
 *(.fini_array*)
 .fini_array    0x08001ea8        0x4 D:/STM32CubeIDE_app/STM32CubeIDE_1.16.0/STM32CubeIDE/plugins/com.st.stm32cube.ide.mcu.externaltools.gnu-tools-for-stm32.12.3.rel1.win32_1.0.200.202406191623/tools/bin/../lib/gcc/arm-none-eabi/12.3.1/thumb/v7e-m+fp/hard/crtbegin.o
                [!provide]                        PROVIDE (__fini_array_end = .)
                0x08001eac                        . = ALIGN (0x4)
                0x08001eac                        _sidata = LOADADDR (.data)

.rel.dyn        0x08001eac        0x0
 .rel.iplt      0x08001eac        0x0 D:/STM32CubeIDE_app/STM32CubeIDE_1.16.0/STM32CubeIDE/plugins/com.st.stm32cube.ide.mcu.externaltools.gnu-tools-for-stm32.12.3.rel1.win32_1.0.200.202406191623/tools/bin/../lib/gcc/arm-none-eabi/12.3.1/thumb/v7e-m+fp/hard/crtbegin.o

.data           0x20000000       0x18 load address 0x08001eac
                0x20000000                        . = ALIGN (0x4)
                0x20000000                        _sdata = .
 *(.data)
 *(.data*)
 .data.usartMsg
                0x20000000       0x12 ./Core/Src/main.o
                0x20000000                usartMsg
 *fill*         0x20000012        0x2 
 .data.SystemCoreClock
                0x20000014        0x4 ./Core/Src/system_stm32f3xx.o
                0x20000014                SystemCoreClock
 *(.RamFunc)
 *(.RamFunc*)
                0x20000018                        . = ALIGN (0x4)
                0x20000018                        _edata = .
                0x08001ec4                        _siccmram = LOADADDR (.ccmram)

.igot.plt       0x20000018        0x0 load address 0x08001ec4
 .igot.plt      0x20000018        0x0 D:/STM32CubeIDE_app/STM32CubeIDE_1.16.0/STM32CubeIDE/plugins/com.st.stm32cube.ide.mcu.externaltools.gnu-tools-for-stm32.12.3.rel1.win32_1.0.200.202406191623/tools/bin/../lib/gcc/arm-none-eabi/12.3.1/thumb/v7e-m+fp/hard/crtbegin.o

.ccmram         0x10000000        0x0 load address 0x08001ec4
                0x10000000                        . = ALIGN (0x4)
                0x10000000                        _sccmram = .
 *(.ccmram)
 *(.ccmram*)
                0x10000000                        . = ALIGN (0x4)
                0x10000000                        _eccmram = .
                0x10000000                        . = ALIGN (0x4)

.bss            0x20000018       0x1c
                0x20000018                        _sbss = .
                0x20000018                        __bss_start__ = _sbss
 *(.bss)
 .bss           0x20000018       0x1c D:/STM32CubeIDE_app/STM32CubeIDE_1.16.0/STM32CubeIDE/plugins/com.st.stm32cube.ide.mcu.externaltools.gnu-tools-for-stm32.12.3.rel1.win32_1.0.200.202406191623/tools/bin/../lib/gcc/arm-none-eabi/12.3.1/thumb/v7e-m+fp/hard/crtbegin.o
 *(.bss*)
 *(COMMON)
                0x20000034                        . = ALIGN (0x4)
                0x20000034                        _ebss = .
                0x20000034                        __bss_end__ = _ebss

._user_heap_stack
                0x20000034      0x604
                0x20000038                        . = ALIGN (0x8)
 *fill*         0x20000034        0x4 
                [!provide]                        PROVIDE (end = .)
                0x20000038                        PROVIDE (_end = .)
                0x20000238                        . = (. + _Min_Heap_Size)
 *fill*         0x20000038      0x200 
                0x20000638                        . = (. + _Min_Stack_Size)
 *fill*         0x20000238      0x400 
                0x20000638                        . = ALIGN (0x8)

/DISCARD/
 libc.a(*)
 libm.a(*)
 libgcc.a(*)

.ARM.attributes
                0x00000000       0x30
 *(.ARM.attributes)
 .ARM.attributes
                0x00000000       0x22 D:/STM32CubeIDE_app/STM32CubeIDE_1.16.0/STM32CubeIDE/plugins/com.st.stm32cube.ide.mcu.externaltools.gnu-tools-for-stm32.12.3.rel1.win32_1.0.200.202406191623/tools/bin/../lib/gcc/arm-none-eabi/12.3.1/thumb/v7e-m+fp/hard/crti.o
 .ARM.attributes
                0x00000022       0x34 D:/STM32CubeIDE_app/STM32CubeIDE_1.16.0/STM32CubeIDE/plugins/com.st.stm32cube.ide.mcu.externaltools.gnu-tools-for-stm32.12.3.rel1.win32_1.0.200.202406191623/tools/bin/../lib/gcc/arm-none-eabi/12.3.1/thumb/v7e-m+fp/hard/crtbegin.o
 .ARM.attributes
                0x00000056       0x34 ./Core/Src/dma.o
 .ARM.attributes
                0x0000008a       0x34 ./Core/Src/gpio.o
 .ARM.attributes
                0x000000be       0x34 ./Core/Src/i2c.o
 .ARM.attributes
                0x000000f2       0x34 ./Core/Src/main.o
 .ARM.attributes
                0x00000126       0x34 ./Core/Src/stm32f3xx_it.o
 .ARM.attributes
                0x0000015a       0x34 ./Core/Src/system_stm32f3xx.o
 .ARM.attributes
                0x0000018e       0x34 ./Core/Src/usart.o
 .ARM.attributes
                0x000001c2       0x21 ./Core/Startup/startup_stm32f303k8tx.o
 .ARM.attributes
                0x000001e3       0x34 ./Drivers/STM32F3xx_HAL_Driver/Src/stm32f3xx_ll_gpio.o
 .ARM.attributes
                0x00000217       0x34 ./Drivers/STM32F3xx_HAL_Driver/Src/stm32f3xx_ll_i2c.o
 .ARM.attributes
                0x0000024b       0x34 ./Drivers/STM32F3xx_HAL_Driver/Src/stm32f3xx_ll_rcc.o
 .ARM.attributes
                0x0000027f       0x34 ./Drivers/STM32F3xx_HAL_Driver/Src/stm32f3xx_ll_usart.o
 .ARM.attributes
                0x000002b3       0x34 ./Drivers/STM32F3xx_HAL_Driver/Src/stm32f3xx_ll_utils.o
 .ARM.attributes
                0x000002e7       0x34 D:/STM32CubeIDE_app/STM32CubeIDE_1.16.0/STM32CubeIDE/plugins/com.st.stm32cube.ide.mcu.externaltools.gnu-tools-for-stm32.12.3.rel1.win32_1.0.200.202406191623/tools/bin/../lib/gcc/arm-none-eabi/12.3.1/../../../../arm-none-eabi/lib/thumb/v7e-m+fp/hard\libc_nano.a(libc_a-init.o)
 .ARM.attributes
                0x0000031b       0x22 D:/STM32CubeIDE_app/STM32CubeIDE_1.16.0/STM32CubeIDE/plugins/com.st.stm32cube.ide.mcu.externaltools.gnu-tools-for-stm32.12.3.rel1.win32_1.0.200.202406191623/tools/bin/../lib/gcc/arm-none-eabi/12.3.1/thumb/v7e-m+fp/hard/crtn.o
OUTPUT(vrs_exercise_sensors.elf elf32-littlearm)
LOAD linker stubs
LOAD D:/STM32CubeIDE_app/STM32CubeIDE_1.16.0/STM32CubeIDE/plugins/com.st.stm32cube.ide.mcu.externaltools.gnu-tools-for-stm32.12.3.rel1.win32_1.0.200.202406191623/tools/bin/../lib/gcc/arm-none-eabi/12.3.1/../../../../arm-none-eabi/lib/thumb/v7e-m+fp/hard\libc.a
LOAD D:/STM32CubeIDE_app/STM32CubeIDE_1.16.0/STM32CubeIDE/plugins/com.st.stm32cube.ide.mcu.externaltools.gnu-tools-for-stm32.12.3.rel1.win32_1.0.200.202406191623/tools/bin/../lib/gcc/arm-none-eabi/12.3.1/../../../../arm-none-eabi/lib/thumb/v7e-m+fp/hard\libm.a
LOAD D:/STM32CubeIDE_app/STM32CubeIDE_1.16.0/STM32CubeIDE/plugins/com.st.stm32cube.ide.mcu.externaltools.gnu-tools-for-stm32.12.3.rel1.win32_1.0.200.202406191623/tools/bin/../lib/gcc/arm-none-eabi/12.3.1/thumb/v7e-m+fp/hard\libgcc.a

.debug_info     0x00000000     0x5763
 .debug_info    0x00000000      0x71f ./Core/Src/dma.o
 .debug_info    0x0000071f      0x1cb ./Core/Src/gpio.o
 .debug_info    0x000008ea      0xafe ./Core/Src/i2c.o
 .debug_info    0x000013e8      0xa44 ./Core/Src/main.o
 .debug_info    0x00001e2c      0x3b5 ./Core/Src/stm32f3xx_it.o
 .debug_info    0x000021e1      0x400 ./Core/Src/system_stm32f3xx.o
 .debug_info    0x000025e1     0x1004 ./Core/Src/usart.o
 .debug_info    0x000035e5       0x30 ./Core/Startup/startup_stm32f303k8tx.o
 .debug_info    0x00003615      0x6e7 ./Drivers/STM32F3xx_HAL_Driver/Src/stm32f3xx_ll_gpio.o
 .debug_info    0x00003cfc      0x529 ./Drivers/STM32F3xx_HAL_Driver/Src/stm32f3xx_ll_i2c.o
 .debug_info    0x00004225      0x6b1 ./Drivers/STM32F3xx_HAL_Driver/Src/stm32f3xx_ll_rcc.o
 .debug_info    0x000048d6      0x68a ./Drivers/STM32F3xx_HAL_Driver/Src/stm32f3xx_ll_usart.o
 .debug_info    0x00004f60      0x803 ./Drivers/STM32F3xx_HAL_Driver/Src/stm32f3xx_ll_utils.o

.debug_abbrev   0x00000000     0x1695
 .debug_abbrev  0x00000000      0x197 ./Core/Src/dma.o
 .debug_abbrev  0x00000197      0x102 ./Core/Src/gpio.o
 .debug_abbrev  0x00000299      0x1f7 ./Core/Src/i2c.o
 .debug_abbrev  0x00000490      0x253 ./Core/Src/main.o
 .debug_abbrev  0x000006e3      0x173 ./Core/Src/stm32f3xx_it.o
 .debug_abbrev  0x00000856      0x11a ./Core/Src/system_stm32f3xx.o
 .debug_abbrev  0x00000970      0x290 ./Core/Src/usart.o
 .debug_abbrev  0x00000c00       0x24 ./Core/Startup/startup_stm32f303k8tx.o
 .debug_abbrev  0x00000c24      0x21e ./Drivers/STM32F3xx_HAL_Driver/Src/stm32f3xx_ll_gpio.o
 .debug_abbrev  0x00000e42      0x177 ./Drivers/STM32F3xx_HAL_Driver/Src/stm32f3xx_ll_i2c.o
 .debug_abbrev  0x00000fb9      0x246 ./Drivers/STM32F3xx_HAL_Driver/Src/stm32f3xx_ll_rcc.o
 .debug_abbrev  0x000011ff      0x1dd ./Drivers/STM32F3xx_HAL_Driver/Src/stm32f3xx_ll_usart.o
 .debug_abbrev  0x000013dc      0x2b9 ./Drivers/STM32F3xx_HAL_Driver/Src/stm32f3xx_ll_utils.o

.debug_aranges  0x00000000      0x6d0
 .debug_aranges
                0x00000000       0x48 ./Core/Src/dma.o
 .debug_aranges
                0x00000048       0x28 ./Core/Src/gpio.o
 .debug_aranges
                0x00000070       0x78 ./Core/Src/i2c.o
 .debug_aranges
                0x000000e8       0xb8 ./Core/Src/main.o
 .debug_aranges
                0x000001a0       0x98 ./Core/Src/stm32f3xx_it.o
 .debug_aranges
                0x00000238       0x28 ./Core/Src/system_stm32f3xx.o
 .debug_aranges
                0x00000260       0xd8 ./Core/Src/usart.o
 .debug_aranges
                0x00000338       0x28 ./Core/Startup/startup_stm32f303k8tx.o
 .debug_aranges
                0x00000360       0x70 ./Drivers/STM32F3xx_HAL_Driver/Src/stm32f3xx_ll_gpio.o
 .debug_aranges
                0x000003d0       0x88 ./Drivers/STM32F3xx_HAL_Driver/Src/stm32f3xx_ll_i2c.o
 .debug_aranges
                0x00000458      0x100 ./Drivers/STM32F3xx_HAL_Driver/Src/stm32f3xx_ll_rcc.o
 .debug_aranges
                0x00000558       0x88 ./Drivers/STM32F3xx_HAL_Driver/Src/stm32f3xx_ll_usart.o
 .debug_aranges
                0x000005e0       0xf0 ./Drivers/STM32F3xx_HAL_Driver/Src/stm32f3xx_ll_utils.o

.debug_rnglists
                0x00000000      0x4e6
 .debug_rnglists
                0x00000000       0x31 ./Core/Src/dma.o
 .debug_rnglists
                0x00000031       0x19 ./Core/Src/gpio.o
 .debug_rnglists
                0x0000004a       0x56 ./Core/Src/i2c.o
 .debug_rnglists
                0x000000a0       0x85 ./Core/Src/main.o
 .debug_rnglists
                0x00000125       0x6d ./Core/Src/stm32f3xx_it.o
 .debug_rnglists
                0x00000192       0x1a ./Core/Src/system_stm32f3xx.o
 .debug_rnglists
                0x000001ac       0x9e ./Core/Src/usart.o
 .debug_rnglists
                0x0000024a       0x19 ./Core/Startup/startup_stm32f303k8tx.o
 .debug_rnglists
                0x00000263       0x51 ./Drivers/STM32F3xx_HAL_Driver/Src/stm32f3xx_ll_gpio.o
 .debug_rnglists
                0x000002b4       0x61 ./Drivers/STM32F3xx_HAL_Driver/Src/stm32f3xx_ll_i2c.o
 .debug_rnglists
                0x00000315       0xbe ./Drivers/STM32F3xx_HAL_Driver/Src/stm32f3xx_ll_rcc.o
 .debug_rnglists
                0x000003d3       0x62 ./Drivers/STM32F3xx_HAL_Driver/Src/stm32f3xx_ll_usart.o
 .debug_rnglists
                0x00000435       0xb1 ./Drivers/STM32F3xx_HAL_Driver/Src/stm32f3xx_ll_utils.o

.debug_macro    0x00000000    0x15839
 .debug_macro   0x00000000      0x13e ./Core/Src/dma.o
 .debug_macro   0x0000013e      0xaea ./Core/Src/dma.o
 .debug_macro   0x00000c28       0x2e ./Core/Src/dma.o
 .debug_macro   0x00000c56       0x28 ./Core/Src/dma.o
 .debug_macro   0x00000c7e       0x22 ./Core/Src/dma.o
 .debug_macro   0x00000ca0       0x8e ./Core/Src/dma.o
 .debug_macro   0x00000d2e       0x51 ./Core/Src/dma.o
 .debug_macro   0x00000d7f      0x103 ./Core/Src/dma.o
 .debug_macro   0x00000e82       0x6a ./Core/Src/dma.o
 .debug_macro   0x00000eec      0x1df ./Core/Src/dma.o
 .debug_macro   0x000010cb       0x1c ./Core/Src/dma.o
 .debug_macro   0x000010e7       0x22 ./Core/Src/dma.o
 .debug_macro   0x00001109       0xd9 ./Core/Src/dma.o
 .debug_macro   0x000011e2      0xf07 ./Core/Src/dma.o
 .debug_macro   0x000020e9    0x10be0 ./Core/Src/dma.o
 .debug_macro   0x00012cc9       0x6d ./Core/Src/dma.o
 .debug_macro   0x00012d36      0x281 ./Core/Src/dma.o
 .debug_macro   0x00012fb7      0x24d ./Core/Src/dma.o
 .debug_macro   0x00013204      0x4c2 ./Core/Src/dma.o
 .debug_macro   0x000136c6       0xe0 ./Core/Src/dma.o
 .debug_macro   0x000137a6      0x29f ./Core/Src/dma.o
 .debug_macro   0x00013a45       0xfe ./Core/Src/dma.o
 .debug_macro   0x00013b43       0x28 ./Core/Src/dma.o
 .debug_macro   0x00013b6b       0x30 ./Core/Src/dma.o
 .debug_macro   0x00013b9b       0xa8 ./Core/Src/dma.o
 .debug_macro   0x00013c43      0x2f7 ./Core/Src/dma.o
 .debug_macro   0x00013f3a      0x142 ./Core/Src/dma.o
 .debug_macro   0x0001407c       0x22 ./Core/Src/dma.o
 .debug_macro   0x0001409e      0x13e ./Core/Src/gpio.o
 .debug_macro   0x000141dc      0x13e ./Core/Src/i2c.o
 .debug_macro   0x0001431a      0x160 ./Core/Src/main.o
 .debug_macro   0x0001447a      0x13e ./Core/Src/stm32f3xx_it.o
 .debug_macro   0x000145b8       0xbc ./Core/Src/system_stm32f3xx.o
 .debug_macro   0x00014674      0x13e ./Core/Src/usart.o
 .debug_macro   0x000147b2       0xfe ./Drivers/STM32F3xx_HAL_Driver/Src/stm32f3xx_ll_gpio.o
 .debug_macro   0x000148b0      0x13c ./Drivers/STM32F3xx_HAL_Driver/Src/stm32f3xx_ll_gpio.o
 .debug_macro   0x000149ec       0xfe ./Drivers/STM32F3xx_HAL_Driver/Src/stm32f3xx_ll_i2c.o
 .debug_macro   0x00014aea      0x247 ./Drivers/STM32F3xx_HAL_Driver/Src/stm32f3xx_ll_i2c.o
 .debug_macro   0x00014d31       0xf0 ./Drivers/STM32F3xx_HAL_Driver/Src/stm32f3xx_ll_rcc.o
 .debug_macro   0x00014e21      0x4bc ./Drivers/STM32F3xx_HAL_Driver/Src/stm32f3xx_ll_rcc.o
 .debug_macro   0x000152dd      0x131 ./Drivers/STM32F3xx_HAL_Driver/Src/stm32f3xx_ll_usart.o
 .debug_macro   0x0001540e      0x2f1 ./Drivers/STM32F3xx_HAL_Driver/Src/stm32f3xx_ll_usart.o
 .debug_macro   0x000156ff      0x13a ./Drivers/STM32F3xx_HAL_Driver/Src/stm32f3xx_ll_utils.o

.debug_line     0x00000000     0x67db
 .debug_line    0x00000000      0x7d9 ./Core/Src/dma.o
 .debug_line    0x000007d9      0x6f8 ./Core/Src/gpio.o
 .debug_line    0x00000ed1      0x8b5 ./Core/Src/i2c.o
 .debug_line    0x00001786      0x9e0 ./Core/Src/main.o
 .debug_line    0x00002166      0x86d ./Core/Src/stm32f3xx_it.o
 .debug_line    0x000029d3      0x624 ./Core/Src/system_stm32f3xx.o
 .debug_line    0x00002ff7      0xa65 ./Core/Src/usart.o
 .debug_line    0x00003a5c       0x7a ./Core/Startup/startup_stm32f303k8tx.o
 .debug_line    0x00003ad6      0x889 ./Drivers/STM32F3xx_HAL_Driver/Src/stm32f3xx_ll_gpio.o
 .debug_line    0x0000435f      0x79e ./Drivers/STM32F3xx_HAL_Driver/Src/stm32f3xx_ll_i2c.o
 .debug_line    0x00004afd      0xa46 ./Drivers/STM32F3xx_HAL_Driver/Src/stm32f3xx_ll_rcc.o
 .debug_line    0x00005543      0x834 ./Drivers/STM32F3xx_HAL_Driver/Src/stm32f3xx_ll_usart.o
 .debug_line    0x00005d77      0xa64 ./Drivers/STM32F3xx_HAL_Driver/Src/stm32f3xx_ll_utils.o

.debug_str      0x00000000    0x70f14
 .debug_str     0x00000000    0x6e18b ./Core/Src/dma.o
                              0x6e3ea (size before relaxing)
 .debug_str     0x0006e18b       0x2c ./Core/Src/gpio.o
                              0x6df76 (size before relaxing)
 .debug_str     0x0006e1b7      0x205 ./Core/Src/i2c.o
                              0x6e600 (size before relaxing)
 .debug_str     0x0006e3bc      0x200 ./Core/Src/main.o
                              0x6e631 (size before relaxing)
 .debug_str     0x0006e5bc      0x1d2 ./Core/Src/stm32f3xx_it.o
                              0x6e0bc (size before relaxing)
 .debug_str     0x0006e78e       0x7b ./Core/Src/system_stm32f3xx.o
                              0x6571b (size before relaxing)
 .debug_str     0x0006e809      0x2b2 ./Core/Src/usart.o
                              0x6e7a6 (size before relaxing)
 .debug_str     0x0006eabb       0x44 ./Core/Startup/startup_stm32f303k8tx.o
                                 0x7d (size before relaxing)
 .debug_str     0x0006eaff      0x653 ./Drivers/STM32F3xx_HAL_Driver/Src/stm32f3xx_ll_gpio.o
                              0x66a52 (size before relaxing)
 .debug_str     0x0006f152      0x3ef ./Drivers/STM32F3xx_HAL_Driver/Src/stm32f3xx_ll_i2c.o
                              0x670a2 (size before relaxing)
 .debug_str     0x0006f541      0x4f2 ./Drivers/STM32F3xx_HAL_Driver/Src/stm32f3xx_ll_rcc.o
                              0x67ec0 (size before relaxing)
 .debug_str     0x0006fa33      0x850 ./Drivers/STM32F3xx_HAL_Driver/Src/stm32f3xx_ll_usart.o
                              0x699be (size before relaxing)
 .debug_str     0x00070283      0xc91 ./Drivers/STM32F3xx_HAL_Driver/Src/stm32f3xx_ll_utils.o
                              0x6a742 (size before relaxing)

.comment        0x00000000       0x43
 .comment       0x00000000       0x43 ./Core/Src/dma.o
                                 0x44 (size before relaxing)
 .comment       0x00000043       0x44 ./Core/Src/gpio.o
 .comment       0x00000043       0x44 ./Core/Src/i2c.o
 .comment       0x00000043       0x44 ./Core/Src/main.o
 .comment       0x00000043       0x44 ./Core/Src/stm32f3xx_it.o
 .comment       0x00000043       0x44 ./Core/Src/system_stm32f3xx.o
 .comment       0x00000043       0x44 ./Core/Src/usart.o
 .comment       0x00000043       0x44 ./Drivers/STM32F3xx_HAL_Driver/Src/stm32f3xx_ll_gpio.o
 .comment       0x00000043       0x44 ./Drivers/STM32F3xx_HAL_Driver/Src/stm32f3xx_ll_i2c.o
 .comment       0x00000043       0x44 ./Drivers/STM32F3xx_HAL_Driver/Src/stm32f3xx_ll_rcc.o
 .comment       0x00000043       0x44 ./Drivers/STM32F3xx_HAL_Driver/Src/stm32f3xx_ll_usart.o
 .comment       0x00000043       0x44 ./Drivers/STM32F3xx_HAL_Driver/Src/stm32f3xx_ll_utils.o

.debug_frame    0x00000000     0x1a64
 .debug_frame   0x00000000       0xec ./Core/Src/dma.o
 .debug_frame   0x000000ec       0x54 ./Core/Src/gpio.o
 .debug_frame   0x00000140      0x1e4 ./Core/Src/i2c.o
 .debug_frame   0x00000324      0x2e0 ./Core/Src/main.o
 .debug_frame   0x00000604      0x204 ./Core/Src/stm32f3xx_it.o
 .debug_frame   0x00000808       0x58 ./Core/Src/system_stm32f3xx.o
 .debug_frame   0x00000860      0x3c8 ./Core/Src/usart.o
 .debug_frame   0x00000c28      0x1c0 ./Drivers/STM32F3xx_HAL_Driver/Src/stm32f3xx_ll_gpio.o
 .debug_frame   0x00000de8      0x238 ./Drivers/STM32F3xx_HAL_Driver/Src/stm32f3xx_ll_i2c.o
 .debug_frame   0x00001020      0x408 ./Drivers/STM32F3xx_HAL_Driver/Src/stm32f3xx_ll_rcc.o
 .debug_frame   0x00001428      0x234 ./Drivers/STM32F3xx_HAL_Driver/Src/stm32f3xx_ll_usart.o
 .debug_frame   0x0000165c      0x3dc ./Drivers/STM32F3xx_HAL_Driver/Src/stm32f3xx_ll_utils.o
 .debug_frame   0x00001a38       0x2c D:/STM32CubeIDE_app/STM32CubeIDE_1.16.0/STM32CubeIDE/plugins/com.st.stm32cube.ide.mcu.externaltools.gnu-tools-for-stm32.12.3.rel1.win32_1.0.200.202406191623/tools/bin/../lib/gcc/arm-none-eabi/12.3.1/../../../../arm-none-eabi/lib/thumb/v7e-m+fp/hard\libc_nano.a(libc_a-init.o)

.debug_line_str
                0x00000000       0x61
 .debug_line_str
                0x00000000       0x61 ./Core/Startup/startup_stm32f303k8tx.o
